<!-- This is a comment as the first child node. --><!-- There doesn't appear to be a way to control w3c-xmlserializer's
indentation, so the spacing in expected-pom.xml is a bit wonky --><project xmlns:xsi="http://www.w3.org/2001/XMLSchema-instance" xmlns="http://maven.apache.org/POM/4.0.0" xsi:schemaLocation="http://maven.apache.org/POM/4.0.0 https://maven.apache.org/xsd/maven-4.0.0.xsd">
  <modelVersion>4.0.0</modelVersion>
  <groupId>org.springframework.samples</groupId>
  <artifactId>spring-petclinic</artifactId>
  <version>2.4.5</version>
<build>
  <plugins>
  <plugin>
          <groupId>com.appland</groupId>
          <artifactId>appmap-maven-plugin</artifactId>
          <version>1.2.0</version>
          <executions>
              <execution>
                  <phase>process-test-classes</phase>
                  <goals>
                      <goal>prepare-agent</goal>
                  </goals>
              </execution>
          </executions>
      </plugin>
</plugins>
</build>
</project>